
Desugared:

	(: (letrec (types ()) (values ((x {}))) (((.= x) {}) x))
	 (record (types ((t (rec t (record (types ()) (values ()))))))
	  (values ((x (rec t (record (types ()) (values ()))))))))

inferred type:

	(record (types ((t (record (types ()) (values ())))))
	 (values ((x (record (types ()) (values ()))))))

Runtime term:

	(LetRec
	 (((0 (Record ())))
	  (App
	   ((App
	     ((Lam
	       (0 () (Lam (1 () (Update (old (Var 1)) (label x) (field (Var 0)))))))
	      (Record ())))
	    (Var 0)))))

Evaluated:

	(Record ((x (Record ()))))
