
Desugared:

	((: (all a a)) ((: int) (Integer 4)))
Type error: Can't instantiate
