
Desugared:

	{}

inferred type:

	(record (types ()) (values ()))

Runtime term:

	(Record ())

Evaluated:

	(Record ())
