
Desugared:

	(: (Integer 4) (exist t t))

inferred type:

	(exist a a)

Runtime term:

	(Const (Integer 4))

Evaluated:

	(Const (Integer 4))
