
Desugared:

	(: (fn x (Integer 4)) (exist t (t -> t)))

inferred type:

	(exist a (a -> a))

Runtime term:

	(Lam (0 () (Const (Integer 4))))

Evaluated:

	(Lam (0 () (Const (Integer 4))))
