
Desugared:

	((: (all a a)) (Integer 4))
Type error: could not instatiate rigid type variable
