
Desugared:

	((match ((Err ($6 ((fn x x) $6))))) ((fn x (Ok x)) {}))
Type error: could not instatiate rigid type variable
