
Desugared:

	((: int) (Integer 4))

inferred type:

	int

Runtime term:

	(Const (Integer 4))

Evaluated:

	(Const (Integer 4))
