
Desugared:

	((match/const (((Integer 1) (Integer 1))) (_ (fn $6 (Integer 0))))
	 (Integer 1))

inferred type:

	int

Runtime term:

	(App
	 ((ConstMatch (cm_cases (((Integer 1) (Const (Integer 1)))))
	   (cm_default (Lam (0 () (Const (Integer 0))))))
	  (Const (Integer 1))))

Evaluated:

	(Const (Integer 1))
