
Desugared:

	(: (Integer 4)
	 ((e : (exist $6 (record (types ((t $6))) (values ())))) -> ((. e t) int)))
Type error: mismatched type constructors: int and ->
