
Desugared:

	(fn x ((match ((((Text Hey!) x) ((Integer 1) x)) (_ x))) x))
Type error: Mismatched type constructors: int is not a subtype of text
