
Desugared:

	(record (types (((t (rec t int))) ((u (rec u t))))) (values ()))

inferred type:

	(record (types ((u int) (t int))) (values ()))

Runtime term:

	(Record ())

Evaluated:

	(Record ())
