
Desugared:

	((fn x (x x)) (fn x x))

inferred type:

	(all a (a -> a))

Runtime term:

	(App ((Lam (0 () (App ((Var 0) (Var 0))))) (Lam (0 () (Var 0)))))

Evaluated:

	(Lam (0 () (Var 0)))
