
Desugared:

	(fn x (x {}))

inferred type:

	(all a (((record (types ()) (values ())) -> a) -> a))

Runtime term:

	(Lam (0 () (App ((Var 0) (Record ())))))

Evaluated:

	(Lam (0 () (App ((Var 0) (Record ())))))
