
Desugared:

	(fn f (fn arg (((.= y) arg) (f ((. z) arg)))))

inferred type:

	(all a
	 (all b
	  ((a -> b) ->
	   (all c
	    (all d
	     ((record (types (...d)) (values ((z a) ...c))) ->
	      (record (types (...d)) (values ((y b) (z a) ...c)))))))))

Runtime term:

	(Lam
	 (0 ()
	  (Lam
	   (1 ()
	    (App
	     ((App
	       ((Lam
	         (0 () (Lam (1 () (Update (old (Var 1)) (label y) (field (Var 0)))))))
	        (Var 0)))
	      (App ((Var 1) (App ((GetField z) (Var 0)))))))))))

Evaluated:

	(Lam
	 (0 ()
	  (Lam
	   (1 ()
	    (App
	     ((App
	       ((Lam
	         (0 () (Lam (1 () (Update (old (Var 1)) (label y) (field (Var 0)))))))
	        (Var 0)))
	      (App ((Var 1) (App ((GetField z) (Var 0)))))))))))
