
Desugared:

	(letrec (types ((t (lam a (rec t int))))) (values ())
	 (((.type= t) {}) (type t)))

inferred type:

	(all a (record (types ((t (lam b int)) ...a)) (values ())))

Runtime term:

	(App ((App ((Lam (0 () (Lam (1 () (Var 1))))) (Record ()))) (Record ())))

Evaluated:

	(Record ())
