
Desugared:

	(letrec (types ((t (lam a (rec t int))))) (values ()) (: (Integer 4) (t a)))
Unbound variable `a` at line 4, characters 7-8
