
Desugared:

	(fn x (let (x (: x a)) x))
unbound variable: a
