Unreachable match cases at:

  - line 3, columns 8-9

